{
  "$schema": "https://json.schemastore.org/eslintrc.json",
  "root": true,
  "extends": ["@hidoo/eslint-config", "@hidoo/eslint-config/+prettier"],
  "overrides": [
    {
      "files": [
        "src/server/**/*.js",
        "task/**/*.js",
        "config.js",
        "gulpfile.js"
      ],
      "extends": ["@hidoo/eslint-config/+node"],
      "rules": {
        "node/file-extension-in-import": ["error", "always"],
        "node/no-process-env": "off"
      }
    },
    {
      "files": ["**/*.spec.js", "**/*.test.js"],
      "extends": ["@hidoo/eslint-config/+mocha", "@hidoo/eslint-config/+node"],
      "rules": {
        "node/file-extension-in-import": ["error", "always"]
      }
    },
    {
      "files": ["src/js/**/*.js"],
      "env": {
        "node": true
      }
    }
  ]
}
