{
  "$schema": "https://json.schemastore.org/stylelintrc.json",
  "extends": [
    "@hidoo/stylelint-config/scss"
  ]
}
