{
  "name": "hoge-project",
  "version": "0.0.0",
  "description": "hoge-project project. (Generated by @hidoo/gulp-project-generator)",
  "private": true,
  "author": "",
  "files": [],
  "engines": {
    "node": ">=10.0.0",
    "npm": ">=6.0.0"
  },
  "scripts": {
    "dev": "cross-env NODE_ENV=development gulp",
    "dev:build": "cross-env NODE_ENV=development npm-run-all -s static:clean static:build",
    "prod": "cross-env NODE_ENV=production gulp",
    "prod:build": "cross-env NODE_ENV=production npm-run-all -s static:clean static:build",
    "start": "npm run dev",
    "static:build": "gulp build",
    "static:clean": "gulp clean",
    "static:server": "gulp server",
    "static:watch": "gulp watch",
    "test": "npm-run-all -s test:*",
    "test:lint": "npm-run-all -s test:lint:*",
    "test:lint:js": "eslint .",
    "test:unit": "cross-env NODE_ENV=test mocha ./src/js/**/*.test.js"
  },
  "devDependencies": {
    "@babel/core": "^7.13.13",
    "@babel/preset-env": "^7.13.12",
    "@babel/register": "^7.13.8",
    "@hidoo/eslint-config": "^0.4.0",
    "@hidoo/express-engine-handlebars": "^0.7.0",
    "@hidoo/gulp-task-build-css-stylus": "^0.0.0",
    "@hidoo/gulp-task-build-html-handlebars": "^0.0.0",
    "@hidoo/gulp-task-build-js-browserify": "^0.0.0",
    "@hidoo/gulp-task-build-sprite-svg": "^0.0.0",
    "@hidoo/gulp-task-build-styleguide-kss": "^0.0.0",
    "@hidoo/gulp-task-concat": "^0.0.0",
    "@hidoo/gulp-task-optimize-image": "^0.0.0",
    "@hidoo/util-fancy-print": "^0.0.0",
    "@hidoo/util-local-ip": "^0.0.0",
    "babel-preset-power-assert": "^3.0.0",
    "browser-sync": "^2.26.7",
    "commander": "^5.1.0",
    "core-js": "^3.6.5",
    "cross-env": "^7.0.2",
    "eslint": "^7.0.0",
    "express": "^4.17.1",
    "gulp": "^4.0.2",
    "husky": "^4.2.5",
    "jsdom": "^16.2.0",
    "jsdom-global": "^3.0.2",
    "lint-staged": "^10.2.2",
    "mocha": "^7.1.2",
    "npm-run-all": "^4.1.5",
    "power-assert": "^1.6.1",
    "regenerator-runtime": "^0.13.5",
    "rimraf": "^3.0.2"
  },
  "dependencies": {}
}
