{
  "name": "hoge-project",
  "version": "0.0.0",
  "description": "hoge-project project. (Generated by @hidoo/gulp-project-generator)",
  "private": true,
  "author": "",
  "main": "gulpfile.babel.js",
  "engines": {
    "node": ">=8.0.0",
    "npm": ">=5.0.0"
  },
  "scripts": {
    "dev": "cross-env NODE_ENV=development gulp",
    "dev:build": "cross-env NODE_ENV=development npm-run-all -s static:clean static:build",
    "prod": "cross-env NODE_ENV=production gulp",
    "prod:build": "cross-env NODE_ENV=production npm-run-all -s static:clean static:build",
    "start": "npm run dev",
    "static:build": "gulp build",
    "static:clean": "gulp clean",
    "static:server": "gulp server",
    "static:watch": "gulp watch",
    "test": "npm-run-all -s test:*",
    "test:lint": "eslint .",
    "test:unit": "cross-env NODE_ENV=test mocha ./src/js/**/*.test.js --opts ./src/js/mocha.opts",
    "version": "npm-run-all -s test prod:build version:changelog version:commit",
    "version:changelog": "conventional-changelog -p angular -i ./CHANGELOG.md -s -r 0",
    "version:commit": "git add ."
  },
  "devDependencies": {
    "@babel/core": "^7.6.0",
    "@babel/preset-env": "^7.6.0",
    "@babel/register": "^7.6.0",
    "@commitlint/cli": "^8.1.0",
    "@commitlint/config-conventional": "^8.1.0",
    "@hidoo/eslint-config": "^0.1.4",
    "@hidoo/express-engine-handlebars": "^0.6.0",
    "@hidoo/gulp-task-build-css-stylus": "^0.0.0",
    "@hidoo/gulp-task-build-html-handlebars": "^0.0.0",
    "@hidoo/gulp-task-build-js-browserify": "^0.0.0",
    "@hidoo/gulp-task-build-sprite-svg": "^0.0.0",
    "@hidoo/gulp-task-build-styleguide-kss": "^0.0.0",
    "@hidoo/gulp-task-concat": "^0.0.0",
    "@hidoo/gulp-task-copy": "^0.0.0",
    "@hidoo/gulp-task-optimize-image": "^0.0.0",
    "@hidoo/util-fancy-print": "^0.0.0",
    "@hidoo/util-local-ip": "^0.0.0",
    "babel-eslint": "^10.0.3",
    "babel-preset-power-assert": "^3.0.0",
    "browser-sync": "^2.26.7",
    "commander": "^3.0.1",
    "conventional-changelog-cli": "^2.0.5",
    "core-js": "2.6.9",
    "cross-env": "^5.2.1",
    "eslint": "^6.3.0",
    "express": "^4.17.1",
    "gulp": "^4.0.2",
    "husky": "^3.0.5",
    "jsdom": "^15.1.1",
    "jsdom-global": "^3.0.2",
    "lint-staged": "^9.2.5",
    "mocha": "^6.2.0",
    "npm-run-all": "^4.1.5",
    "power-assert": "^1.6.1",
    "regenerator-runtime": "^0.13.3",
    "rimraf": "^3.0.0"
  },
  "dependencies": {}
}
