<!DOCTYPE html>
<html lang="ja">
  <head>

    <meta charset="utf-8" />
    <meta name="viewport" content="width=device-width,initial-scale=1.0" />

    <title>Style Guide - @hidoo/gulp-task-build-styleguide-kss</title>
    <meta name="description" content="" />

    <!--[if lt IE 9]><script src="//cdnjs.cloudflare.com/ajax/libs/html5shiv/3.7.3/html5shiv-printshiv.min.js"></script><![endif]-->
    <link rel="stylesheet" href="kss-assets/kss.css" />

    <link rel="stylesheet" href="//cdnjs.cloudflare.com/ajax/libs/normalize/8.0.0/normalize.min.css"/>


  </head>
<body id="styleguide">

  <header class="styleguide-header styleguide-reset">
    <div class="styleguide-container">
      <h1>Style Guide<span class="title">@hidoo/gulp-task-build-styleguide-kss</span><span class="version">(v0.0.0)</span></h1>
    </div>
  </header>

  <div class="styleguide-container">

        <nav class="styleguide-menu styleguide-reset">
          <ul class="styleguide-menu-list">

            <li><a href="./">0. README</a></li>

          <li><a href="section-block.html">1. block</a>


          </li>

          </ul>
        </nav>

    <main class="styleguide-content">


        <div class="styleguide-markdown-body styleguide-reset">
          <h1>README!</h1>

        </div>


    </main>

  </div>

  <footer class="styleguide-footer styleguide-reset styleguide-container">
    <p>Created using <a href="https://github.com/hughsk/kss-node">kss-node</a>.</p>
    <p>Designed by <a href="https://github.com/">GitHub</a>, Adjusted by hidoo</p>
  </footer>

  <script src="kss-assets/kss.js"></script>

  <script src="//cdnjs.cloudflare.com/ajax/libs/lodash.js/4.17.10/lodash.core.min.js"></script>


</body>
</html>
