<!DOCTYPE html>
<html lang="ja">
  <head>

    <meta charset="utf-8" />
    <meta name="viewport" content="width=device-width,initial-scale=1.0" />

    <title>Style Guide - @hidoo/gulp-task-build-styleguide-kss</title>
    <meta name="description" content="" />

    <!--[if lt IE 9]><script src="//cdnjs.cloudflare.com/ajax/libs/html5shiv/3.7.3/html5shiv-printshiv.min.js"></script><![endif]-->
    <link rel="stylesheet" href="kss-assets/kss.css" />

    <link rel="stylesheet" href="//cdnjs.cloudflare.com/ajax/libs/normalize/8.0.0/normalize.min.css">


  </head>
<body id="styleguide">

  <header class="styleguide-header styleguide-reset">
    <div class="styleguide-container">
      <h1>Style Guide<span class="title">@hidoo/gulp-task-build-styleguide-kss</span><span class="version">(v0.0.0)</span></h1>
    </div>
  </header>

  <div class="styleguide-container">

        <nav class="styleguide-menu styleguide-reset">
          <ul class="styleguide-menu-list">

            <li><a href="./">0. README</a></li>

          <li><a href="section-block.html"  class="selected">1. block</a>

                <ul class="styleguide-menu-list-child">

                      <li>
                        <a href="section-block.html#styleguide-section-block-test">1.1. block-test</a>
                      </li>

                </ul>

          </li>

          </ul>
        </nav>

    <main class="styleguide-content">




              <div class="styleguide-section-header styleguide-section-depth-1 styleguide-reset">

                <header class="styleguide-section-header-label" id="styleguide-section-block">
                  <h1>block</h1>
                </header>

                <div class="markdown-body styleguide-reset">
                  <p>Block</p>

                </div>

              </div>




              <div class="styleguide-section-header styleguide-section-depth-2 styleguide-reset">

                <header class="styleguide-section-header-label" id="styleguide-section-block-test">
                  <h2>block-test</h2>
                </header>

                <div class="markdown-body styleguide-reset">
                  <p>Test Block</p>

                </div>

              </div>








            <section class="styleguide-example">

              <header class="styleguide-example-header styleguide-reset" id="styleguide-item-block-test-a-a">
                <h4 class="styleguide-example-header-title">Style guide: block.test.a.a <em>Variations</em></h4>
              </header>

              <div class="styleguide-description styleguide-markdown-body styleguide-reset">

                  <p>Test Block - Type A - A</p>


                  <ul class="styleguide-modifier">
                      <li><strong>block-test-a-a</strong> - default style</li>
                  </ul>



              </div>

                <div class="styleguide-element styleguide-modifier">
                  <span class="styleguide-modifier-name">block-test-a-a</span>
                  <div class="styleguide-element-wrapper"><div class="block-test-a-a  mod-box">
  <div class="block-test-a-a__container  mod-box__container">
    <!-- some contents here -->
    <div class="block-test-b-a  mod-box">
      <div class="block-test-b-a__container  mod-box__container">
        <!-- some contents here -->
      </div>
    </div>  </div>
</div></div>
                </div>

              <div class="styleguide-html styleguide-reset">
                <div class="styleguide-html-highlight">
                  <pre><code class="handlebars html javascript">&lt;div class&#x3D;&quot;{{modifier_class}}  mod-box&quot;&gt;
  &lt;div class&#x3D;&quot;{{modifier_class}}__container  mod-box__container&quot;&gt;
    &lt;!-- some contents here --&gt;
    &lt;div class&#x3D;&quot;block-test-b-a  mod-box&quot;&gt;
      &lt;div class&#x3D;&quot;block-test-b-a__container  mod-box__container&quot;&gt;
        &lt;!-- some contents here --&gt;
      &lt;/div&gt;
    &lt;/div&gt;  &lt;/div&gt;
&lt;/div&gt;</code></pre>
                </div>
              </div>

            </section>








            <section class="styleguide-example">

              <header class="styleguide-example-header styleguide-reset" id="styleguide-item-block-test-b-a">
                <h4 class="styleguide-example-header-title">Style guide: block.test.b.a <em>Variations</em></h4>
              </header>

              <div class="styleguide-description styleguide-markdown-body styleguide-reset">

                  <p>Test Block - Type B - A</p>


                  <ul class="styleguide-modifier">
                      <li><strong>block-test-b-a</strong> - default style</li>
                  </ul>



              </div>

                <div class="styleguide-element styleguide-modifier">
                  <span class="styleguide-modifier-name">block-test-b-a</span>
                  <div class="styleguide-element-wrapper"><div class="block-test-b-a  mod-box">
  <div class="block-test-b-a__container  mod-box__container">
    <!-- some contents here -->
  </div>
</div></div>
                </div>

              <div class="styleguide-html styleguide-reset">
                <div class="styleguide-html-highlight">
                  <pre><code class="handlebars html javascript">&lt;div class&#x3D;&quot;{{modifier_class}}  mod-box&quot;&gt;
  &lt;div class&#x3D;&quot;{{modifier_class}}__container  mod-box__container&quot;&gt;
    &lt;!-- some contents here --&gt;
  &lt;/div&gt;
&lt;/div&gt;</code></pre>
                </div>
              </div>

            </section>




    </main>

  </div>

  <footer class="styleguide-footer styleguide-reset styleguide-container">
    <p>Created using <a href="https://github.com/hughsk/kss-node">kss-node</a>.</p>
    <p>Designed by <a href="https://github.com/">GitHub</a>, Adjusted by hidoo</p>
  </footer>

  <!--[if ! IE]>-->
  <script src="//cdnjs.cloudflare.com/ajax/libs/highlight.js/9.12.0/highlight.min.js"></script>
  <script src="//cdnjs.cloudflare.com/ajax/libs/highlight.js/9.12.0/languages/stylus.min.js"></script>
  <script src="//cdnjs.cloudflare.com/ajax/libs/highlight.js/9.12.0/languages/handlebars.min.js"></script>
  <script>
  (function(window) {
    'use strict';

    if (window.hljs) {
      window.hljs.initHighlightingOnLoad();
    }
  })(window);
  </script>
  <!--<![endif]-->

  <script src="//cdnjs.cloudflare.com/ajax/libs/jquery/1.12.4/jquery.min.js"></script>
  <script>
  (function($) {
    'use strict';

    var THEME_CLASS_NAMES = [
      'styleguide-element-wrapper--dark',
      'styleguide-element-wrapper--light',
      'styleguide-element-wrapper--red',
      'styleguide-element-wrapper--green',
      'styleguide-element-wrapper--blue'
    ];

    $('.styleguide-element-wrapper').on('click', function(event) {
      var $element = $(this),
          themes = THEME_CLASS_NAMES,
          isDark = $element.hasClass(themes[0]),
          isLight = $element.hasClass(themes[1]),
          isRed = $element.hasClass(themes[2]),
          isGreen = $element.hasClass(themes[3]),
          isBlue = $element.hasClass(themes[4]);

        if (isDark){
          $element.addClass(themes[1]).removeClass(themes[0]);
        }
        else if (isLight) {
          $element.addClass(themes[2]).removeClass(themes[1]);
        }
        else if (isRed) {
          $element.addClass(themes[3]).removeClass(themes[2]);
        }
        else if (isGreen) {
          $element.addClass(themes[4]).removeClass(themes[3]);
        }
        else if (isBlue) {
          $element.removeClass(themes[4]);
        }
        else {
          $element.addClass(themes[0]);
        }

      event.stopPropagation();
    });
  })(jQuery);
  </script>

  <script src="//cdnjs.cloudflare.com/ajax/libs/lodash.js/4.17.10/lodash.core.min.js"></script>


</body>
</html>
