<!DOCTYPE html>
<html>
  <head>
    <meta charset="utf-8" />
    <title>no layout test</title>
  </head>
  <body>

    no layout contents

  </body>
</html>
