<!DOCTYPE html>
<html>
  <head>
    <meta charset="utf-8" />
    <title>with layout test</title>
  </head>
  <body>
    with layout contents

  </body>
</html>
