<!DOCTYPE html>
<html>
  <head>
    <meta charset="utf-8" />
    <title>with default helpers test</title>
  </head>
  <body>

<h1 id="heading">heading</h1>
<blockquote>
<p>with default helpers test.</p>
</blockquote>
<ul>
<li>list 1</li>
<li>list 2</li>
<li>list 3</li>
</ul>
<pre><code class="language-js">import hoge from &#39;hoge&#39;;

hoge();</code></pre>

  </body>
</html>
