<!DOCTYPE html>
<html>
  <head>
    <meta charset="utf-8" />
    <title>with partial test</title>
  </head>
  <body>

    piyo.
    with partial contents
    hoge fuga.

  </body>
</html>
