<!DOCTYPE html>
<html>
  <head>
    <meta charset="utf-8" />
    <title>with additinal helpers test</title>
  </head>
  <body>

    [[ with additinal helpers contents ]]

  </body>
</html>
