depth: ./
relative: file.html
basename: file.html
extname: .html
