this is contents.
page title
page description.
hoge hoge.
