this is contents.
page title | hoge
page description.fuga.
