title: page title | site title
description: page description.site description.
title: page title
description: page description.
title: page title
description: page description.
title: page title
description: page description.
title: page title
description: page description.
