<!DOCTYPE html>
<html>
  <head>
    <meta charset="utf-8" />
    <title>page title</title>
    <meta name="description" content="page description." />
  </head>
  <body>
    this is contents.
page title
page description.

  </body>
</html>
