this is contents.
page title | site title
page description.site description.
