this is contents.
[[ page title ]]
[[ page description. ]]
