<!DOCTYPE html>
<html lang="ja">
  <head>

    <meta charset="utf-8" />
    <meta name="viewport" content="width=device-width,initial-scale=1.0" />

    <title>Style Guide - @hidoo/gulp-task-build-styleguide-kss</title>
    <meta name="description" content="" />

    <!--[if lt IE 9]><script src="//cdnjs.cloudflare.com/ajax/libs/html5shiv/3.7.3/html5shiv-printshiv.min.js"></script><![endif]-->
    <link rel="stylesheet" href="kss-assets/kss.css" />

    

  </head>
<body id="styleguide">

  <header class="styleguide-header styleguide-reset">
    <div class="styleguide-container">
      <h1>Style Guide<span class="title">@hidoo/gulp-task-build-styleguide-kss</span><span class="version">(v0.0.0)</span></h1>
    </div>
  </header>

  <div class="styleguide-container">

        <nav class="styleguide-menu styleguide-reset">
          <ul class="styleguide-menu-list">

            <li><a href="./">0. README</a></li>

          <li><a href="section-block.html"  class="selected">1. block</a>

                <ul class="styleguide-menu-list-child">

                      <li>
                        <a href="section-block.html#styleguide-section-block-test">1.1. block-test</a>
                      </li>

                </ul>

          </li>

          </ul>
        </nav>

    <main class="styleguide-content">




              <div class="styleguide-section-header styleguide-section-depth-1 styleguide-reset">

                <header class="styleguide-section-header-label" id="styleguide-section-block">
                  <h1>block</h1>
                </header>

                <div class="markdown-body styleguide-reset">
                  <p>Block</p>

                </div>

              </div>




              <div class="styleguide-section-header styleguide-section-depth-2 styleguide-reset">

                <header class="styleguide-section-header-label" id="styleguide-section-block-test">
                  <h2>block-test</h2>
                </header>

                <div class="markdown-body styleguide-reset">
                  <p>Test Block</p>

                </div>

              </div>








            <section class="styleguide-example">

              <header class="styleguide-example-header styleguide-reset" id="styleguide-item-block-test-a-a">
                <h4 class="styleguide-example-header-title">Style guide: block.test.a.a <em>Variations</em></h4>
              </header>

              <div class="styleguide-description styleguide-markdown-body styleguide-reset">

                  <p>Test Block - Type A - A</p>


                  <ul class="styleguide-modifier">
                      <li><strong>block-test-a-a</strong> - default style</li>
                  </ul>



              </div>

                <div class="styleguide-element styleguide-modifier">
                  <span class="styleguide-modifier-name">block-test-a-a</span>
                  <div class="styleguide-element-wrapper"><div class="block-test-a-a  mod-box">
  <div class="block-test-a-a__container  mod-box__container">
    <!-- some contents here -->
    <div class="block-test-b-a  mod-box">
      <div class="block-test-b-a__container  mod-box__container">
        <!-- some contents here -->
      </div>
    </div>  </div>
</div></div>
                </div>

              <div class="styleguide-html styleguide-reset">
                <div class="styleguide-html-highlight">
                  <pre><code class="hljs handlebars html javascript"><span class="xml"><span class="hljs-tag">&lt;<span class="hljs-name">div</span> <span class="hljs-attr">class</span>=<span class="hljs-string">"</span></span></span><span class="hljs-template-variable">{{modifier_class}}</span><span class="xml"><span class="hljs-tag"><span class="hljs-string">  mod-box"</span>&gt;</span>
  <span class="hljs-tag">&lt;<span class="hljs-name">div</span> <span class="hljs-attr">class</span>=<span class="hljs-string">"</span></span></span><span class="hljs-template-variable">{{modifier_class}}</span><span class="xml"><span class="hljs-tag"><span class="hljs-string">__container  mod-box__container"</span>&gt;</span>
    <span class="hljs-comment">&lt;!-- some contents here --&gt;</span>
    <span class="hljs-tag">&lt;<span class="hljs-name">div</span> <span class="hljs-attr">class</span>=<span class="hljs-string">"block-test-b-a  mod-box"</span>&gt;</span>
      <span class="hljs-tag">&lt;<span class="hljs-name">div</span> <span class="hljs-attr">class</span>=<span class="hljs-string">"block-test-b-a__container  mod-box__container"</span>&gt;</span>
        <span class="hljs-comment">&lt;!-- some contents here --&gt;</span>
      <span class="hljs-tag">&lt;/<span class="hljs-name">div</span>&gt;</span>
    <span class="hljs-tag">&lt;/<span class="hljs-name">div</span>&gt;</span>  <span class="hljs-tag">&lt;/<span class="hljs-name">div</span>&gt;</span>
<span class="hljs-tag">&lt;/<span class="hljs-name">div</span>&gt;</span></span></code></pre>
                </div>
              </div>

            </section>








            <section class="styleguide-example">

              <header class="styleguide-example-header styleguide-reset" id="styleguide-item-block-test-b-a">
                <h4 class="styleguide-example-header-title">Style guide: block.test.b.a <em>Variations</em></h4>
              </header>

              <div class="styleguide-description styleguide-markdown-body styleguide-reset">

                  <p>Test Block - Type B - A</p>


                  <ul class="styleguide-modifier">
                      <li><strong>block-test-b-a</strong> - default style</li>
                  </ul>



              </div>

                <div class="styleguide-element styleguide-modifier">
                  <span class="styleguide-modifier-name">block-test-b-a</span>
                  <div class="styleguide-element-wrapper"><div class="block-test-b-a  mod-box">
  <div class="block-test-b-a__container  mod-box__container">
    <!-- some contents here -->
  </div>
</div></div>
                </div>

              <div class="styleguide-html styleguide-reset">
                <div class="styleguide-html-highlight">
                  <pre><code class="hljs handlebars html javascript"><span class="xml"><span class="hljs-tag">&lt;<span class="hljs-name">div</span> <span class="hljs-attr">class</span>=<span class="hljs-string">"</span></span></span><span class="hljs-template-variable">{{modifier_class}}</span><span class="xml"><span class="hljs-tag"><span class="hljs-string">  mod-box"</span>&gt;</span>
  <span class="hljs-tag">&lt;<span class="hljs-name">div</span> <span class="hljs-attr">class</span>=<span class="hljs-string">"</span></span></span><span class="hljs-template-variable">{{modifier_class}}</span><span class="xml"><span class="hljs-tag"><span class="hljs-string">__container  mod-box__container"</span>&gt;</span>
    <span class="hljs-comment">&lt;!-- some contents here --&gt;</span>
  <span class="hljs-tag">&lt;/<span class="hljs-name">div</span>&gt;</span>
<span class="hljs-tag">&lt;/<span class="hljs-name">div</span>&gt;</span></span></code></pre>
                </div>
              </div>

            </section>




    </main>

  </div>

  <footer class="styleguide-footer styleguide-reset styleguide-container">
    <p>Created using <a href="https://github.com/hughsk/kss-node">kss-node</a>.</p>
    <p>Designed by <a href="https://github.com/">GitHub</a>, Adjusted by hidoo</p>
  </footer>

  <script src="kss-assets/kss.js"></script>

  

</body>
</html>
